// Jest Snapshot v1, https://goo.gl/fbAQLP

exports[`getCalculateConfigForFile standard config 1`] = `
Object {
  "env": Object {
    "es6": true,
    "jest": true,
  },
  "globals": Object {},
  "ignorePatterns": Array [],
  "noInlineConfig": undefined,
  "parser": "C:\\\\Users\\\\Philipp\\\\Projekte\\\\github\\\\eslint-code-insight\\\\node_modules\\\\@typescript-eslint\\\\parser\\\\dist\\\\index.js",
  "parserOptions": Object {
    "sourceType": "module",
  },
  "plugins": Array [
    "@typescript-eslint",
  ],
  "reportUnusedDisableDirectives": undefined,
  "rules": Object {
    "@typescript-eslint/adjacent-overload-signatures": Array [
      "error",
    ],
    "@typescript-eslint/ban-ts-comment": Array [
      "error",
    ],
    "@typescript-eslint/ban-types": Array [
      "error",
    ],
    "@typescript-eslint/explicit-module-boundary-types": Array [
      "warn",
    ],
    "@typescript-eslint/no-array-constructor": Array [
      "error",
    ],
    "@typescript-eslint/no-empty-function": Array [
      "error",
    ],
    "@typescript-eslint/no-empty-interface": Array [
      "error",
    ],
    "@typescript-eslint/no-explicit-any": Array [
      "warn",
    ],
    "@typescript-eslint/no-extra-non-null-assertion": Array [
      "error",
    ],
    "@typescript-eslint/no-extra-semi": Array [
      "error",
    ],
    "@typescript-eslint/no-inferrable-types": Array [
      "error",
    ],
    "@typescript-eslint/no-misused-new": Array [
      "error",
    ],
    "@typescript-eslint/no-namespace": Array [
      "error",
    ],
    "@typescript-eslint/no-non-null-asserted-optional-chain": Array [
      "error",
    ],
    "@typescript-eslint/no-non-null-assertion": Array [
      "warn",
    ],
    "@typescript-eslint/no-this-alias": Array [
      "error",
    ],
    "@typescript-eslint/no-unused-vars": Array [
      "warn",
    ],
    "@typescript-eslint/no-var-requires": Array [
      "error",
    ],
    "@typescript-eslint/prefer-as-const": Array [
      "error",
    ],
    "@typescript-eslint/prefer-namespace-keyword": Array [
      "error",
    ],
    "@typescript-eslint/triple-slash-reference": Array [
      "error",
    ],
    "constructor-super": Array [
      "off",
    ],
    "for-direction": Array [
      "error",
    ],
    "getter-return": Array [
      "off",
    ],
    "linebreak-style": Array [
      "error",
      "unix",
    ],
    "no-array-constructor": Array [
      "off",
    ],
    "no-async-promise-executor": Array [
      "error",
    ],
    "no-case-declarations": Array [
      "error",
    ],
    "no-class-assign": Array [
      "error",
    ],
    "no-compare-neg-zero": Array [
      "error",
    ],
    "no-cond-assign": Array [
      "error",
    ],
    "no-const-assign": Array [
      "off",
    ],
    "no-constant-condition": Array [
      "error",
    ],
    "no-control-regex": Array [
      "error",
    ],
    "no-debugger": Array [
      "error",
    ],
    "no-delete-var": Array [
      "error",
    ],
    "no-dupe-args": Array [
      "off",
    ],
    "no-dupe-class-members": Array [
      "off",
    ],
    "no-dupe-else-if": Array [
      "error",
    ],
    "no-dupe-keys": Array [
      "off",
    ],
    "no-duplicate-case": Array [
      "error",
    ],
    "no-empty": Array [
      "error",
    ],
    "no-empty-character-class": Array [
      "error",
    ],
    "no-empty-function": Array [
      "off",
    ],
    "no-empty-pattern": Array [
      "error",
    ],
    "no-ex-assign": Array [
      "error",
    ],
    "no-extra-boolean-cast": Array [
      "error",
    ],
    "no-extra-semi": Array [
      "off",
    ],
    "no-fallthrough": Array [
      "error",
    ],
    "no-func-assign": Array [
      "off",
    ],
    "no-global-assign": Array [
      "error",
    ],
    "no-import-assign": Array [
      "off",
    ],
    "no-inner-declarations": Array [
      "error",
    ],
    "no-invalid-regexp": Array [
      "error",
    ],
    "no-irregular-whitespace": Array [
      "error",
    ],
    "no-misleading-character-class": Array [
      "error",
    ],
    "no-mixed-spaces-and-tabs": Array [
      "error",
    ],
    "no-new-symbol": Array [
      "off",
    ],
    "no-obj-calls": Array [
      "off",
    ],
    "no-octal": Array [
      "error",
    ],
    "no-prototype-builtins": Array [
      "error",
    ],
    "no-redeclare": Array [
      "off",
    ],
    "no-regex-spaces": Array [
      "error",
    ],
    "no-self-assign": Array [
      "error",
    ],
    "no-setter-return": Array [
      "off",
    ],
    "no-shadow-restricted-names": Array [
      "error",
    ],
    "no-sparse-arrays": Array [
      "error",
    ],
    "no-this-before-super": Array [
      "off",
    ],
    "no-undef": Array [
      "off",
    ],
    "no-unexpected-multiline": Array [
      "error",
    ],
    "no-unreachable": Array [
      "off",
    ],
    "no-unsafe-finally": Array [
      "error",
    ],
    "no-unsafe-negation": Array [
      "off",
    ],
    "no-unused-labels": Array [
      "error",
    ],
    "no-unused-vars": Array [
      "off",
    ],
    "no-useless-catch": Array [
      "error",
    ],
    "no-useless-escape": Array [
      "error",
    ],
    "no-var": Array [
      "error",
    ],
    "no-with": Array [
      "error",
    ],
    "prefer-const": Array [
      "error",
    ],
    "prefer-rest-params": Array [
      "error",
    ],
    "prefer-spread": Array [
      "error",
    ],
    "quotes": Array [
      "error",
      "single",
    ],
    "require-yield": Array [
      "error",
    ],
    "semi": Array [
      "error",
      "always",
    ],
    "use-isnan": Array [
      "error",
    ],
    "valid-typeof": Array [
      "off",
    ],
  },
  "settings": Object {},
}
`;
